==114156== Memcheck, a memory error detector
==114156== Copyright (C) 2002-2026, and GNU GPL'd, by Julian Seward et al.
==114156== Using Valgrind-3.27.1 and LibVEX; rerun with -h for copyright info
==114156== Command: ./minishell
==114156== Parent PID: 47413
==114156== 
==114179== 
==114179== FILE DESCRIPTORS: 2 open (2 inherited) at exit.
==114179== 
==114179== HEAP SUMMARY:
==114179==     in use at exit: 228,750 bytes in 238 blocks
==114179==   total heap usage: 829 allocs, 591 frees, 258,477 bytes allocated
==114179== 
==114179== LEAK SUMMARY:
==114179==    definitely lost: 0 bytes in 0 blocks
==114179==    indirectly lost: 0 bytes in 0 blocks
==114179==      possibly lost: 0 bytes in 0 blocks
==114179==    still reachable: 228,750 bytes in 238 blocks
==114179==         suppressed: 0 bytes in 0 blocks
==114179== Reachable blocks (those to which a pointer was found) are not shown.
==114179== To see them, rerun with: --leak-check=full --show-leak-kinds=all
==114179== 
==114179== ERROR SUMMARY: 0 errors from 0 contexts (suppressed: 0 from 0)
==114156== 
==114156== FILE DESCRIPTORS: 3 open (1 inherited) at exit.
==114156== Open file descriptor 1: /dev/pts/1
==114156==    at 0x49B860B: dup2 (dup2.c:29)
==114156==    by 0x404250: exec_in_parent (in /home/xingchen/minishell/minishell)
==114156==    by 0x4043AE: exec_single (in /home/xingchen/minishell/minishell)
==114156==    by 0x404474: executor (in /home/xingchen/minishell/minishell)
==114156==    by 0x400777: process_line (in /home/xingchen/minishell/minishell)
==114156==    by 0x400818: read_input (in /home/xingchen/minishell/minishell)
==114156==    by 0x4008AD: main (in /home/xingchen/minishell/minishell)
==114156== 
==114156== Open file descriptor 0: /dev/pts/1
==114156==    at 0x49B860B: dup2 (dup2.c:29)
==114156==    by 0x404241: exec_in_parent (in /home/xingchen/minishell/minishell)
==114156==    by 0x4043AE: exec_single (in /home/xingchen/minishell/minishell)
==114156==    by 0x404474: executor (in /home/xingchen/minishell/minishell)
==114156==    by 0x400777: process_line (in /home/xingchen/minishell/minishell)
==114156==    by 0x400818: read_input (in /home/xingchen/minishell/minishell)
==114156==    by 0x4008AD: main (in /home/xingchen/minishell/minishell)
==114156== 
==114156== 
==114156== HEAP SUMMARY:
==114156==     in use at exit: 228,740 bytes in 236 blocks
==114156==   total heap usage: 902 allocs, 666 frees, 259,195 bytes allocated
==114156== 
==114156== LEAK SUMMARY:
==114156==    definitely lost: 0 bytes in 0 blocks
==114156==    indirectly lost: 0 bytes in 0 blocks
==114156==      possibly lost: 0 bytes in 0 blocks
==114156==    still reachable: 228,740 bytes in 236 blocks
==114156==         suppressed: 0 bytes in 0 blocks
==114156== Reachable blocks (those to which a pointer was found) are not shown.
==114156== To see them, rerun with: --leak-check=full --show-leak-kinds=all
==114156== 
==114156== ERROR SUMMARY: 2 errors from 2 contexts (suppressed: 0 from 0)
